---
source: crates/schemalint/tests/snapshot_tests.rs
expression: "normalize_temp_paths(&stdout, dir.path())"
---
{
  "schema_version": "1.1",
  "tool": {
    "name": "schemalint",
    "version": "[version]"
  },
  "profiles": [
    "test"
  ],
  "summary": {
    "total_issues": 0,
    "errors": 0,
    "warnings": 0,
    "schemas_checked": 1,
    "duration_ms": [DURATION]
  },
  "diagnostics": [],
  "report": {
    "coverage": {
      "attempted": 1,
      "checked": 1,
      "discovered": 1,
      "excluded": 0,
      "failed": 0,
      "status": "complete"
    },
    "failures": [],
    "success": true,
    "warnings": []
  }
}
