---
source: crates/schemalint/tests/snapshot_tests.rs
expression: "normalize_temp_paths(&stdout, dir.path())"
---
{
  "schema_version": "1.0",
  "tool": {
    "name": "schemalint",
    "version": "0.1.0"
  },
  "profiles": [
    "test"
  ],
  "summary": {
    "total_issues": 1,
    "errors": 1,
    "warnings": 0,
    "schemas_checked": 2,
    "duration_ms": [DURATION]
  },
  "diagnostics": [
    {
      "code": "TEST-K-allOf",
      "severity": "error",
      "message": "keyword 'allOf' is not supported by test",
      "pointer": "",
      "source": {
        "file": "[TEMP_DIR]/a.json"
      },
      "profile": "test",
      "seeUrl": "https://schemalint.dev/rules/TEST-K-allOf"
    }
  ]
}
