---
source: crates/schemalint/tests/snapshot_tests/part_01.rs
expression: "normalize_temp_paths(&stdout, dir.path())"
---
{
  "schema_version": "1.1",
  "tool": {
    "name": "schemalint",
    "version": "[version]"
  },
  "profiles": [
    "test"
  ],
  "summary": {
    "total_issues": 1,
    "errors": 1,
    "warnings": 0,
    "schemas_checked": 1,
    "duration_ms": [DURATION]
  },
  "diagnostics": [
    {
      "code": "TEST-K-allOf",
      "severity": "error",
      "message": "keyword 'allOf' is not supported by test",
      "pointer": "",
      "source": {
        "file": "[TEMP_DIR]/schema.json"
      },
      "profile": "test",
      "seeUrl": "https://1nder-labs.github.io/schemalint/rules/keyword/allOf"
    }
  ],
  "report": {
    "coverage": {
      "attempted": 1,
      "checked": 1,
      "discovered": 1,
      "excluded": 0,
      "failed": 0,
      "status": "complete"
    },
    "failures": [],
    "success": false,
    "targets": [
      {
        "canonical_kind": "json-schema",
        "effective_profiles": [
          "test"
        ],
        "envelope": {},
        "module_path": "[TEMP_DIR]/schema.json",
        "name": "",
        "provider": {
          "certainty": "ambiguous"
        },
        "status": "checked",
        "usage_span": {
          "file": "[TEMP_DIR]/schema.json"
        }
      }
    ],
    "warnings": []
  }
}
