---
source: crates/schemalint/tests/snapshot_tests/part_01.rs
expression: "normalize_temp_paths(&stdout, dir.path())"
---
error[TEST-K-allOf]: keyword 'allOf' is not supported by test
   --> [TEMP_DIR]/schema.json
     |
     = profile: test
     = schema path: 
     = hint: remove 'allOf' from the schema. If you need the constraint, check it in your own code after the model responds.
     = see: https://1nder-labs.github.io/schemalint/rules/keyword/allOf

1 issue found (1 error, 0 warnings) across 1 schema in [DURATION]ms
coverage complete (1 attempted, 0 excluded, 1 discovered, 1 checked, 0 failed)
