---
source: crates/schemalint/tests/snapshot_tests.rs
expression: output
---
error[TST-FULL]: full source span with line and col
   --> variants.json:10:5
     |
     = profile: test
     = schema path: /full
     = see: https://schemalint.dev/rules/TST-FULL

error[TST-LINEONLY]: line only, no column
   --> variants.json:20
     |
     = profile: test
     = schema path: /lineonly
     = see: https://schemalint.dev/rules/TST-LINEONLY

warning[TST-FILEONLY]: file only, no line or col
   --> variants.json
     |
     = profile: test
     = schema path: /fileonly
     = see: https://schemalint.dev/rules/TST-FILEONLY

warning[TST-NOSOURCE]: no source span at all — falls back to path
   --> variants.json
     |
     = profile: test
     = schema path: /nosource
     = see: https://schemalint.dev/rules/TST-NOSOURCE

4 issues found (2 errors, 2 warnings) across 1 schema in 0ms
