[
  {
    "code": "ANT-K-discriminator",
    "severity": "error",
    "message": "keyword 'discriminator' is not supported by anthropic.so.2026-04-30",
    "pointer": "",
    "source": {
      "file": "crates/schemalint/tests/corpus/ant_schema_25.json"
    },
    "profile": "anthropic.so.2026-04-30",
    "seeUrl": "https://schemalint.dev/rules/ANT-K-discriminator"
  }
]
