[
  {
    "code": "ANT-K-minimum",
    "severity": "error",
    "message": "keyword 'minimum' is not supported by anthropic.so.2026-04-30",
    "pointer": "/properties/x",
    "source": {
      "file": "crates/schemalint/tests/corpus/ant_schema_01.json"
    },
    "profile": "anthropic.so.2026-04-30",
    "seeUrl": "https://1nder-labs.github.io/schemalint/rules/keyword/minimum",
    "hint": "remove 'minimum' from the schema. If you need the constraint, check it in your own code after the model responds."
  }
]
