[
  {
    "code": "ANT-K-maxLength",
    "severity": "error",
    "message": "keyword 'maxLength' is not supported by anthropic.so.2026-04-30",
    "pointer": "/properties/x",
    "source": {
      "file": "crates/schemalint/tests/corpus/ant_schema_05.json"
    },
    "profile": "anthropic.so.2026-04-30",
    "seeUrl": "https://schemalint.dev/rules/ANT-K-maxLength"
  }
]
