[
  {
    "code": "OAI-K-oneOf",
    "severity": "error",
    "message": "keyword 'oneOf' is not supported by openai.so.2026-04-30",
    "pointer": "/definitions/D",
    "source": {
      "file": "crates/schemalint/tests/corpus/schema_54.json"
    },
    "profile": "openai.so.2026-04-30",
    "hint": "remove 'oneOf' from the schema. If you need the constraint, check it in your own code after the model responds.",
    "seeUrl": "https://1nder-labs.github.io/schemalint/rules/keyword/oneOf"
  }
]
