[
  {
    "code": "OAI-S-all-properties-required",
    "severity": "error",
    "message": "object has 1 property not listed in required: 'score'",
    "pointer": "",
    "source": {
      "file": "crates/schemalint/tests/corpus/schema_35.json"
    },
    "profile": "openai.so.2026-04-30",
    "hint": "Add every object property to required",
    "seeUrl": "https://1nder-labs.github.io/schemalint/rules/structural/all-properties-required"
  }
]
