[
  {
    "code": "OAI-K-dependentRequired",
    "severity": "error",
    "message": "keyword 'dependentRequired' is not supported by openai.so.2026-04-30",
    "pointer": "",
    "source": {
      "file": "crates/schemalint/tests/corpus/schema_30.json"
    },
    "profile": "openai.so.2026-04-30",
    "seeUrl": "https://1nder-labs.github.io/schemalint/rules/OAI-K-dependentRequired"
  },
  {
    "code": "OAI-S-all-properties-required",
    "severity": "error",
    "message": "object has 2 properties not listed in required: 'credit_card', 'name'",
    "pointer": "",
    "source": {
      "file": "crates/schemalint/tests/corpus/schema_30.json"
    },
    "profile": "openai.so.2026-04-30",
    "hint": "Add every object property to required",
    "seeUrl": "https://1nder-labs.github.io/schemalint/rules/OAI-S-all-properties-required"
  }
]
