[
  {
    "code": "OAI-S-all-properties-required",
    "severity": "error",
    "message": "object has 1 property not listed in required: 'tuple'",
    "pointer": "",
    "source": {
      "file": "crates/schemalint/tests/corpus/schema_32.json"
    },
    "profile": "openai.so.2026-04-30",
    "hint": "Add every object property to required",
    "seeUrl": "https://1nder-labs.github.io/schemalint/rules/structural/all-properties-required"
  },
  {
    "code": "OAI-K-prefixItems",
    "severity": "warning",
    "message": "keyword 'prefixItems' is not supported by openai.so.2026-04-30",
    "pointer": "/properties/tuple",
    "source": {
      "file": "crates/schemalint/tests/corpus/schema_32.json"
    },
    "profile": "openai.so.2026-04-30",
    "seeUrl": "https://1nder-labs.github.io/schemalint/rules/keyword/prefixItems"
  },
  {
    "code": "OAI-S-array-items",
    "severity": "error",
    "message": "array schema must declare items",
    "pointer": "/properties/tuple",
    "source": {
      "file": "crates/schemalint/tests/corpus/schema_32.json"
    },
    "profile": "openai.so.2026-04-30",
    "hint": "Add an items schema for provider compatibility",
    "seeUrl": "https://1nder-labs.github.io/schemalint/rules/structural/array-items"
  }
]
